// Vitest Snapshot v1, https://vitest.dev/guide/snapshot.html

exports[`HighwayCard > 應該正確渲染卡片 snapshot 1`] = `
<div
  class="p-4 bg-white border border-gray-300 shadow-lg rounded-lg highway-card"
  style="position: fixed; top: -9999px; left: -9999px; width: 20rem; z-index: 9999; transition: opacity 150ms; opacity: 0; pointer-events: none;"
>
  <div
    class="relative"
  >
    <img
      alt="台1線"
      class="w-full h-48 object-cover rounded-md"
      src="https://placehold.co/400x200"
    />
    <p
      class="text-sm text-black font-semibold mt-2"
    >
      1
      /
      1
    </p>
  </div>
  <p
    class="text-sm text-black font-semibold mt-2"
  >
    台1線
  </p>
  <p
    class="text-sm text-black font-semibold mt-1"
  >
    台北－楓港
  </p>
</div>
`;
